[[{"x":238,"y":40},{"x":278,"y":40},{"x":278,"y":79},{"x":238,"y":79}]]