[[{"x":100,"y":237},{"x":1465,"y":237},{"x":1465,"y":695},{"x":100,"y":695}]]