[[{"x":485,"y":70},{"x":561,"y":70},{"x":561,"y":151},{"x":485,"y":151}],[{"x":833,"y":91},{"x":913,"y":91},{"x":913,"y":183},{"x":833,"y":183}],[{"x":701,"y":30},{"x":785,"y":30},{"x":785,"y":102},{"x":701,"y":102}],[{"x":1013,"y":104},{"x":1081,"y":104},{"x":1081,"y":190},{"x":1013,"y":190}],[{"x":610,"y":29},{"x":701,"y":29},{"x":701,"y":115},{"x":610,"y":115}],[{"x":359,"y":78},{"x":437,"y":78},{"x":437,"y":159},{"x":359,"y":159}],[{"x":1092,"y":126},{"x":1163,"y":126},{"x":1163,"y":213},{"x":1092,"y":213}],[{"x":886,"y":25},{"x":956,"y":25},{"x":956,"y":98},{"x":886,"y":98}],[{"x":657,"y":24},{"x":747,"y":24},{"x":747,"y":113},{"x":657,"y":113}]]