[[{"x":223,"y":231},{"x":344,"y":231},{"x":344,"y":279},{"x":223,"y":279}]]