[[{"x":163,"y":198},{"x":518,"y":198},{"x":518,"y":548},{"x":163,"y":548}]]