Image type <text/plain> not supported.
Types supported: [image/jpeg, image/png]